// Jest Snapshot v1, https://goo.gl/fbAQLP

exports[`Weather Screen Tests Test 1 : Weather Screen Snapshot 1`] = `
<View
  style={
    [
      {
        "flex": 1,
      },
      {
        "backgroundColor": "#F0F0F0",
      },
    ]
  }
>
  <RCTSafeAreaView
    style={
      [
        {
          "flex": 1,
          "marginTop": null,
        },
      ]
    }
  >
    <View
      style={
        {
          "flex": 1,
        }
      }
    >
      <View
        style={
          [
            {
              "alignItems": "center",
              "backgroundColor": "#F0F0F0",
              "borderBottomColor": "#4BB3D4",
              "borderBottomWidth": 0.2,
              "flexDirection": "row",
              "height": 60,
              "justifyContent": "space-between",
            },
          ]
        }
      >
        <View
          style={
            {
              "flex": 1,
              "paddingHorizontal": 16,
            }
          }
        >
          <Text
            numberOfLines={1}
            style={
              [
                {
                  "color": undefined,
                  "fontSize": 60,
                  "fontWeight": "bold",
                },
                {
                  "color": "#1F2020",
                },
                {
                  "fontFamily": "Montserrat-Medium",
                  "fontSize": 18,
                },
              ]
            }
          >
            Weather App
          </Text>
        </View>
        <RCTSwitch
          accessibilityRole="switch"
          onChange={[Function]}
          onResponderTerminationRequest={[Function]}
          onStartShouldSetResponder={[Function]}
          onTintColor="#1E50A6"
          style={
            [
              {
                "height": 31,
                "width": 51,
              },
              {
                "marginRight": 15,
              },
            ]
          }
          thumbTintColor="#1E50A6"
          tintColor="#767577"
          value={false}
        />
      </View>
      <View
        style={
          {
            "backgroundColor": "#FFFFFF",
            "flex": 1,
          }
        }
      >
        <TextInput
          onChangeText={[Function]}
          placeholder="Enter city"
          placeholderTextColor="#374151"
          style={
            [
              {
                "borderColor": "#A0AEC0",
                "borderRadius": 5,
                "borderWidth": 1,
                "color": "#111111",
                "fontFamily": "DMSans-Regular",
                "fontSize": 16,
                "margin": 12,
                "marginTop": 20,
                "padding": 10,
              },
              {
                "borderColor": "#A0AEC0",
                "color": "#111111",
              },
            ]
          }
          testID="city-input"
          value=""
        />
        <View
          accessibilityState={
            {
              "busy": undefined,
              "checked": undefined,
              "disabled": false,
              "expanded": undefined,
              "selected": undefined,
            }
          }
          accessibilityValue={
            {
              "max": undefined,
              "min": undefined,
              "now": undefined,
              "text": undefined,
            }
          }
          accessible={true}
          collapsable={false}
          focusable={true}
          onClick={[Function]}
          onResponderGrant={[Function]}
          onResponderMove={[Function]}
          onResponderRelease={[Function]}
          onResponderTerminate={[Function]}
          onResponderTerminationRequest={[Function]}
          onStartShouldSetResponder={[Function]}
          style={
            {
              "alignItems": "center",
              "alignSelf": "flex-start",
              "backgroundColor": "#1E50A6",
              "borderColor": undefined,
              "borderRadius": 5,
              "borderWidth": 0,
              "justifyContent": "center",
              "marginHorizontal": 12,
              "opacity": 1,
              "overflow": "hidden",
              "padding": 8,
              "width": "40%",
            }
          }
        >
          <Text
            style={
              [
                {
                  "color": "#FFFFFF",
                  "fontFamily": "DMSans-ExtraBold",
                  "fontSize": 16,
                },
                undefined,
              ]
            }
          >
            Search
          </Text>
        </View>
      </View>
    </View>
  </RCTSafeAreaView>
</View>
`;
